[INFO] [launch]: All log files can be found below /home/ws/.ros/log/2025-10-29-16-46-32-718886-dave-computer-176694
[INFO] [launch]: Default logging verbosity is set to INFO
[INFO] [robot_state_publisher-1]: process started with pid [176706]
[INFO] [ros2_control_node-2]: process started with pid [176707]
[INFO] [mecanum_cmd_node-3]: process started with pid [176708]
[INFO] [mecanum_odom_node-4]: process started with pid [176709]
[INFO] [ekf_node-5]: process started with pid [176710]
[INFO] [rosbridge_websocket-6]: process started with pid [176711]
[INFO] [node-7]: process started with pid [176713]
[INFO] [throttle-8]: process started with pid [176715]
[INFO] [v4l2_camera_node-9]: process started with pid [176718]
[robot_state_publisher-1] [INFO] [1761756393.272097563] [robot_state_publisher]: Robot initialized
[mecanum_odom_node-4] [INFO] [1761756393.276828816] [mecanum_odom_node]: mecanum_odom_node avviato
[mecanum_cmd_node-3] [INFO] [1761756393.295505385] [mecanum_cmd_node]: mecanum_cmd_node: pubblicazione comandi su /mecanum_velocity_controller/commands
[ros2_control_node-2] [INFO] [1761756393.415237354] [controller_manager]: Using Steady (Monotonic) clock for triggering controller manager cycles.
[ros2_control_node-2] [INFO] [1761756393.446627760] [controller_manager]: Subscribing to '/robot_description' topic for robot description.
[ros2_control_node-2] [INFO] [1761756393.476389875] [controller_manager]: update rate is 50 Hz
[ros2_control_node-2] [INFO] [1761756393.476461000] [controller_manager]: Spawning controller_manager RT thread with scheduler priority: 50
[ros2_control_node-2] [WARN] [1761756393.479405519] [controller_manager]: Could not enable FIFO RT scheduling policy: with error number <1>(Operation not permitted). See [https://control.ros.org/master/doc/ros2_control/controller_manager/doc/userdoc.html] for details on how to enable realtime scheduling.
[ros2_control_node-2] [INFO] [1761756393.583126245] [controller_manager]: Received robot description from topic.
[ros2_control_node-2] [INFO] [1761756393.595071118] [controller_manager]: Loading hardware 'MecanumSystem' 
[ros2_control_node-2] [INFO] [1761756393.598479994] [controller_manager]: Loaded hardware 'MecanumSystem' from plugin 'mecanum_hardware/MecanumSystem'
[ros2_control_node-2] [INFO] [1761756393.598618294] [controller_manager]: Initialize hardware 'MecanumSystem' 
[ros2_control_node-2] [INFO] [1761756393.642246274] [controller_manager.hardware_component.system.MecanumSystem]: Init OK (mock=false, serial=/dev/ttyUSB0, baud=1000000)
[ros2_control_node-2] [INFO] [1761756393.642326149] [controller_manager]: Successful initialization of hardware 'MecanumSystem'
[ros2_control_node-2] [INFO] [1761756393.642814914] [BatteryDebug]: Exporting interface: percentage @ 0x77c54c02a908
[ros2_control_node-2] [INFO] [1761756393.643517913] [resource_manager]: 'configure' hardware 'MecanumSystem' 
[ros2_control_node-2] [INFO] [1761756393.643546578] [resource_manager]: Successful 'configure' of hardware 'MecanumSystem'
[ros2_control_node-2] [INFO] [1761756393.643566579] [resource_manager]: 'activate' hardware 'MecanumSystem' 
[ros2_control_node-2] [INFO] [1761756393.644397013] [controller_manager.hardware_component.system.MecanumSystem]: Porta seriale /dev/ttyUSB0 aperta a 1000000 baud
[ros2_control_node-2] [INFO] [1761756393.644493670] [resource_manager]: Successful 'activate' of hardware 'MecanumSystem'
[ros2_control_node-2] [INFO] [1761756393.644612041] [controller_manager]: Resource Manager has been successfully initialized. Starting Controller Manager services...
[ros2_control_node-2] [INFO] [1761756393.661525419] [controller_manager.hardware_component.system.MecanumSystem]: write() cmd: FL=0.000 FR=0.000 RL=0.000 RR=0.000 PAN=0.000 TILT=0.000
[v4l2_camera_node-9] [INFO] [1761756393.728491894] [v4l2_camera]: Driver: uvcvideo
[v4l2_camera_node-9] [INFO] [1761756393.728733708] [v4l2_camera]: Version: 396811
[v4l2_camera_node-9] [INFO] [1761756393.728756182] [v4l2_camera]: Device: Integrated Camera: Integrated C
[v4l2_camera_node-9] [INFO] [1761756393.728767827] [v4l2_camera]: Location: usb-0000:00:14.0-10
[v4l2_camera_node-9] [INFO] [1761756393.728777398] [v4l2_camera]: Capabilities:
[v4l2_camera_node-9] [INFO] [1761756393.728787545] [v4l2_camera]:   Read/write: NO
[v4l2_camera_node-9] [INFO] [1761756393.728797385] [v4l2_camera]:   Streaming: YES
[v4l2_camera_node-9] [INFO] [1761756393.728813479] [v4l2_camera]: Current pixel format: YUYV @ 640x480
[v4l2_camera_node-9] [INFO] [1761756393.729078271] [v4l2_camera]: Available pixel formats: 
[v4l2_camera_node-9] [INFO] [1761756393.729112683] [v4l2_camera]:   YUYV - YUYV 4:2:2
[v4l2_camera_node-9] [INFO] [1761756393.729124114] [v4l2_camera]:   MJPG - Motion-JPEG
[v4l2_camera_node-9] [INFO] [1761756393.729134935] [v4l2_camera]: Available controls: 
[v4l2_camera_node-9] [INFO] [1761756393.729152919] [v4l2_camera]:   Brightness (1) = 128
[v4l2_camera_node-9] [INFO] [1761756393.729167903] [v4l2_camera]:   Contrast (1) = 32
[v4l2_camera_node-9] [INFO] [1761756393.729181389] [v4l2_camera]:   Saturation (1) = 64
[v4l2_camera_node-9] [INFO] [1761756393.729195292] [v4l2_camera]:   Hue (1) = 0
[v4l2_camera_node-9] [INFO] [1761756393.729208767] [v4l2_camera]:   White Balance, Automatic (2) = 1
[v4l2_camera_node-9] [INFO] [1761756393.729222042] [v4l2_camera]:   Gamma (1) = 120
[v4l2_camera_node-9] [INFO] [1761756393.729238575] [v4l2_camera]:   Power Line Frequency (3) = 1
[v4l2_camera_node-9] [INFO] [1761756393.730046637] [v4l2_camera]:   White Balance Temperature (1) = 4000 [inactive]
[v4l2_camera_node-9] [INFO] [1761756393.730142487] [v4l2_camera]:   Sharpness (1) = 2
[v4l2_camera_node-9] [INFO] [1761756393.730171323] [v4l2_camera]:   Backlight Compensation (1) = 1
[v4l2_camera_node-9] [ERROR] [1761756393.730199287] [v4l2_camera]: Failed getting value for control 10092545: Permission denied (13); returning 0!
[v4l2_camera_node-9] [INFO] [1761756393.730258202] [v4l2_camera]:   Camera Controls (6) = 0
[v4l2_camera_node-9] [INFO] [1761756393.730282575] [v4l2_camera]:   Auto Exposure (3) = 3
[v4l2_camera_node-9] [INFO] [1761756393.731642996] [v4l2_camera]:   Exposure Time, Absolute (1) = 156 [inactive]
[v4l2_camera_node-9] [INFO] [1761756393.731714604] [v4l2_camera]:   Exposure, Dynamic Framerate (2) = 0
[v4l2_camera_node-9] [WARN] [1761756393.733446675] [v4l2_camera]: Control type not currently supported: 6, for control: Camera Controls
[v4l2_camera_node-9] [INFO] [1761756393.733696738] [v4l2_camera]: Starting camera
[v4l2_camera_node-9] [WARN] [1761756394.002718565] [v4l2_camera]: Image encoding not the same as requested output, performing possibly slow conversion: yuv422_yuy2 => rgb8
[v4l2_camera_node-9] [INFO] [1761756394.008774774] [v4l2_camera]: using default calibration URL
[v4l2_camera_node-9] [INFO] [1761756394.008995523] [v4l2_camera]: camera calibration URL: file:///home/ws/.ros/camera_info/integrated_camera:_integrated_c.yaml
[v4l2_camera_node-9] [ERROR] [1761756394.009321077] [camera_calibration_parsers]: Unable to open camera calibration file [/home/ws/.ros/camera_info/integrated_camera:_integrated_c.yaml]
[v4l2_camera_node-9] [WARN] [1761756394.009394241] [v4l2_camera]: Camera calibration file /home/ws/.ros/camera_info/integrated_camera:_integrated_c.yaml not found
[node-7] Serving static files from: /home/ws/src/mecanum_base/web
[node-7] Web server attivo su http://localhost:8000
[rosbridge_websocket-6] [INFO] [1761756394.481677152] [rosbridge_websocket]: Rosbridge WebSocket server started on port 9091
[ros2_control_node-2] [INFO] [1761756394.859984210] [controller_manager.hardware_component.system.MecanumSystem]: Pico log: LOG,UART|Tx:15409 Scartati:0 Err:0 Coda↑:0 ↓:0
[INFO] [spawner-10]: process started with pid [176868]
[INFO] [spawner-11]: process started with pid [176869]
[INFO] [spawner-12]: process started with pid [176873]
[INFO] [spawner-13]: process started with pid [176877]
[INFO] [spawner-14]: process started with pid [176878]
[INFO] [spawner-15]: process started with pid [176879]
[INFO] [spawner-16]: process started with pid [176880]
[INFO] [spawner-17]: process started with pid [176881]
[ros2_control_node-2] [WARN] [1761756396.691155972] [controller_manager]: Overrun detected! The controller manager missed its desired rate of 50 Hz. The loop took 31.539721 ms (missed cycles : 2).
[spawner-17] [INFO] [1761756397.655321114] [spawner_battery_state_broadcaster]: waiting for service /controller_manager/list_controllers to become available...
[ros2_control_node-2] [INFO] [1761756397.759684141] [controller_manager]: Loading controller : 'battery_state_broadcaster' of type 'battery_state_broadcaster/BatteryStateBroadcaster'
[ros2_control_node-2] [INFO] [1761756397.759748177] [controller_manager]: Loading controller 'battery_state_broadcaster'
[ros2_control_node-2] [INFO] [1761756397.768685379] [controller_manager]: Controller 'battery_state_broadcaster' node arguments: --ros-args --params-file /tmp/launch_params_p1h_wh5r --params-file /home/ws/install/mecanum_base/share/mecanum_base/config/controllers.yaml 
[ros2_control_node-2] [WARN] [1761756397.788556050] [controller_manager]: Overrun detected! The controller manager missed its desired rate of 50 Hz. The loop took 28.941416 ms (missed cycles : 2).
[spawner-17] [INFO] [1761756398.036855251] [spawner_battery_state_broadcaster]: [94mLoaded [1mbattery_state_broadcaster[0m
[ros2_control_node-2] [INFO] [1761756398.086045275] [controller_manager]: Configuring controller: 'battery_state_broadcaster'
[ros2_control_node-2] [INFO] [1761756398.172714764] [controller_manager]: Activating controllers: [ battery_state_broadcaster ]
[ros2_control_node-2] [INFO] [1761756398.179984807] [controller_manager]: Successfully switched controllers!
[spawner-17] [INFO] [1761756398.202838748] [spawner_battery_state_broadcaster]: [92mConfigured and activated [1mbattery_state_broadcaster[0m
[INFO] [spawner-17]: process has finished cleanly [pid 176881]
[spawner-15] [INFO] [1761756399.004583242] [spawner_ir_front_right_broadcaster]: waiting for service /controller_manager/list_controllers to become available...
[ros2_control_node-2] [INFO] [1761756400.023668510] [controller_manager]: Loading controller : 'ir_front_right_broadcaster' of type 'range_sensor_broadcaster/RangeSensorBroadcaster'
[ros2_control_node-2] [INFO] [1761756400.023842388] [controller_manager]: Loading controller 'ir_front_right_broadcaster'
[ros2_control_node-2] [INFO] [1761756400.034940584] [controller_manager]: Controller 'ir_front_right_broadcaster' node arguments: --ros-args --params-file /tmp/launch_params_p1h_wh5r --params-file /home/ws/install/mecanum_base/share/mecanum_base/config/controllers.yaml 
[spawner-15] [INFO] [1761756400.102843438] [spawner_ir_front_right_broadcaster]: [94mLoaded [1mir_front_right_broadcaster[0m
[ros2_control_node-2] [INFO] [1761756400.105377154] [controller_manager]: Configuring controller: 'ir_front_right_broadcaster'
[ros2_control_node-2] [INFO] [1761756400.122375504] [controller_manager]: Activating controllers: [ ir_front_right_broadcaster ]
[ros2_control_node-2] [INFO] [1761756400.139810430] [controller_manager]: Successfully switched controllers!
[spawner-15] [INFO] [1761756400.163300060] [spawner_ir_front_right_broadcaster]: [92mConfigured and activated [1mir_front_right_broadcaster[0m
[INFO] [spawner-15]: process has finished cleanly [pid 176879]
[spawner-10] [INFO] [1761756401.125860019] [spawner_joint_state_broadcaster]: waiting for service /controller_manager/list_controllers to become available...
[rosbridge_websocket-6] [INFO] [1761756401.800891197] [rosbridge_websocket]: Calling services in new thread
[rosbridge_websocket-6] [INFO] [1761756401.803520893] [rosbridge_websocket]: Sending action goals in new thread
[rosbridge_websocket-6] [INFO] [1761756401.807047401] [rosbridge_websocket]: Client connected. 1 clients total.
[ros2_control_node-2] [INFO] [1761756401.880548625] [controller_manager]: Loading controller : 'joint_state_broadcaster' of type 'joint_state_broadcaster/JointStateBroadcaster'
[ros2_control_node-2] [INFO] [1761756401.880638827] [controller_manager]: Loading controller 'joint_state_broadcaster'
[ros2_control_node-2] [INFO] [1761756401.896470958] [controller_manager]: Controller 'joint_state_broadcaster' node arguments: --ros-args --params-file /tmp/launch_params_p1h_wh5r --params-file /home/ws/install/mecanum_base/share/mecanum_base/config/controllers.yaml 
[spawner-10] [INFO] [1761756401.962830186] [spawner_joint_state_broadcaster]: [94mLoaded [1mjoint_state_broadcaster[0m
[ros2_control_node-2] [INFO] [1761756401.966600399] [controller_manager]: Configuring controller: 'joint_state_broadcaster'
[ros2_control_node-2] [INFO] [1761756401.966747571] [joint_state_broadcaster]: 'joints' or 'interfaces' parameter is empty. All available state interfaces will be published
[ros2_control_node-2] [INFO] [1761756402.006537157] [controller_manager]: Activating controllers: [ joint_state_broadcaster ]
[ros2_control_node-2] [INFO] [1761756402.021683619] [controller_manager]: Successfully switched controllers!
[rosbridge_websocket-6] [INFO] [1761756402.027321096] [rosbridge_websocket]: [Client 000ac90c-ac11-44f3-8a3c-6ee307d5d45a] Subscribed to battery_state_broadcaster/battery_state_throttled
[rosbridge_websocket-6] [INFO] [1761756402.037846043] [rosbridge_websocket]: [Client 000ac90c-ac11-44f3-8a3c-6ee307d5d45a] Subscribed to /camera/image_raw/compressed
[spawner-10] [INFO] [1761756402.045061180] [spawner_joint_state_broadcaster]: [92mConfigured and activated [1mjoint_state_broadcaster[0m
[INFO] [spawner-10]: process has finished cleanly [pid 176868]
[spawner-14] [INFO] [1761756402.808698548] [spawner_ir_front_center_broadcaster]: waiting for service /controller_manager/list_controllers to become available...
[ros2_control_node-2] [INFO] [1761756403.846045147] [controller_manager]: Loading controller : 'ir_front_center_broadcaster' of type 'range_sensor_broadcaster/RangeSensorBroadcaster'
[ros2_control_node-2] [INFO] [1761756403.846169236] [controller_manager]: Loading controller 'ir_front_center_broadcaster'
[ros2_control_node-2] [INFO] [1761756403.847451308] [controller_manager]: Controller 'ir_front_center_broadcaster' node arguments: --ros-args --params-file /tmp/launch_params_p1h_wh5r --params-file /home/ws/install/mecanum_base/share/mecanum_base/config/controllers.yaml 
[spawner-14] [INFO] [1761756403.902909681] [spawner_ir_front_center_broadcaster]: [94mLoaded [1mir_front_center_broadcaster[0m
[ros2_control_node-2] [INFO] [1761756403.907804822] [controller_manager]: Configuring controller: 'ir_front_center_broadcaster'
[ros2_control_node-2] [INFO] [1761756403.924122162] [controller_manager]: Activating controllers: [ ir_front_center_broadcaster ]
[ros2_control_node-2] [INFO] [1761756403.939831028] [controller_manager]: Successfully switched controllers!
[spawner-14] [INFO] [1761756403.962989953] [spawner_ir_front_center_broadcaster]: [92mConfigured and activated [1mir_front_center_broadcaster[0m
[INFO] [spawner-14]: process has finished cleanly [pid 176878]
[spawner-13] [INFO] [1761756404.198480351] [spawner_ir_front_left_broadcaster]: waiting for service /controller_manager/list_controllers to become available...
[ros2_control_node-2] [INFO] [1761756404.859873829] [controller_manager.hardware_component.system.MecanumSystem]: Pico log: LOG,UART|Tx:15420 Scartati:0 Err:0 Coda↑:0 ↓:0
[ros2_control_node-2] [INFO] [1761756406.227887589] [controller_manager]: Loading controller : 'ir_front_left_broadcaster' of type 'range_sensor_broadcaster/RangeSensorBroadcaster'
[ros2_control_node-2] [INFO] [1761756406.228117580] [controller_manager]: Loading controller 'ir_front_left_broadcaster'
[ros2_control_node-2] [INFO] [1761756406.232577842] [controller_manager]: Controller 'ir_front_left_broadcaster' node arguments: --ros-args --params-file /tmp/launch_params_p1h_wh5r --params-file /home/ws/install/mecanum_base/share/mecanum_base/config/controllers.yaml 
[spawner-13] [INFO] [1761756406.321788433] [spawner_ir_front_left_broadcaster]: [94mLoaded [1mir_front_left_broadcaster[0m
[ros2_control_node-2] [INFO] [1761756406.324689527] [controller_manager]: Configuring controller: 'ir_front_left_broadcaster'
[ros2_control_node-2] [INFO] [1761756406.343151799] [controller_manager]: Activating controllers: [ ir_front_left_broadcaster ]
[ros2_control_node-2] [INFO] [1761756406.359852074] [controller_manager]: Successfully switched controllers!
[spawner-13] [INFO] [1761756406.382854041] [spawner_ir_front_left_broadcaster]: [92mConfigured and activated [1mir_front_left_broadcaster[0m
[INFO] [spawner-13]: process has finished cleanly [pid 176877]
[spawner-16] [INFO] [1761756406.924525256] [spawner_servo_position_controller]: waiting for service /controller_manager/list_controllers to become available...
[ros2_control_node-2] [INFO] [1761756407.921439820] [controller_manager]: Loading controller : 'servo_position_controller' of type 'position_controllers/JointGroupPositionController'
[ros2_control_node-2] [INFO] [1761756407.921503058] [controller_manager]: Loading controller 'servo_position_controller'
[ros2_control_node-2] [INFO] [1761756407.927671937] [controller_manager]: Controller 'servo_position_controller' node arguments: --ros-args --params-file /tmp/launch_params_p1h_wh5r --params-file /home/ws/install/mecanum_base/share/mecanum_base/config/controllers.yaml 
[spawner-16] [INFO] [1761756407.982845431] [spawner_servo_position_controller]: [94mLoaded [1mservo_position_controller[0m
[ros2_control_node-2] [INFO] [1761756407.986214212] [controller_manager]: Configuring controller: 'servo_position_controller'
[ros2_control_node-2] [INFO] [1761756407.989114397] [servo_position_controller]: configure successful
[ros2_control_node-2] [INFO] [1761756408.004974969] [controller_manager]: Activating controllers: [ servo_position_controller ]
[ros2_control_node-2] [INFO] [1761756408.019867176] [servo_position_controller]: activate successful
[ros2_control_node-2] [INFO] [1761756408.020052082] [controller_manager]: Successfully switched controllers!
[spawner-16] [INFO] [1761756408.042602984] [spawner_servo_position_controller]: [92mConfigured and activated [1mservo_position_controller[0m
[INFO] [spawner-16]: process has finished cleanly [pid 176880]
[spawner-12] [INFO] [1761756408.308057397] [spawner_imu_broadcaster]: waiting for service /controller_manager/list_controllers to become available...
[ros2_control_node-2] [INFO] [1761756408.578216417] [controller_manager]: Loading controller : 'imu_broadcaster' of type 'imu_sensor_broadcaster/IMUSensorBroadcaster'
[ros2_control_node-2] [INFO] [1761756408.578636605] [controller_manager]: Loading controller 'imu_broadcaster'
[ros2_control_node-2] [INFO] [1761756408.599215856] [controller_manager]: Controller 'imu_broadcaster' node arguments: --ros-args --params-file /tmp/launch_params_p1h_wh5r --params-file /home/ws/install/mecanum_base/share/mecanum_base/config/controllers.yaml 
[spawner-12] [INFO] [1761756408.663051527] [spawner_imu_broadcaster]: [94mLoaded [1mimu_broadcaster[0m
[ros2_control_node-2] [INFO] [1761756408.665943353] [controller_manager]: Configuring controller: 'imu_broadcaster'
[ros2_control_node-2] [INFO] [1761756408.763949903] [controller_manager]: Activating controllers: [ imu_broadcaster ]
[ros2_control_node-2] [INFO] [1761756408.779959574] [controller_manager]: Successfully switched controllers!
[spawner-12] [INFO] [1761756408.802052496] [spawner_imu_broadcaster]: [92mConfigured and activated [1mimu_broadcaster[0m
[INFO] [spawner-12]: process has finished cleanly [pid 176873]
[spawner-11] [INFO] [1761756409.107365736] [spawner_mecanum_velocity_controller]: waiting for service /controller_manager/list_controllers to become available...
[ros2_control_node-2] [INFO] [1761756409.529073266] [controller_manager]: Loading controller : 'mecanum_velocity_controller' of type 'velocity_controllers/JointGroupVelocityController'
[ros2_control_node-2] [INFO] [1761756409.529134189] [controller_manager]: Loading controller 'mecanum_velocity_controller'
[ros2_control_node-2] [INFO] [1761756409.533571281] [controller_manager]: Controller 'mecanum_velocity_controller' node arguments: --ros-args --params-file /tmp/launch_params_p1h_wh5r --params-file /home/ws/install/mecanum_base/share/mecanum_base/config/controllers.yaml 
[spawner-11] [INFO] [1761756409.603429747] [spawner_mecanum_velocity_controller]: [94mLoaded [1mmecanum_velocity_controller[0m
[ros2_control_node-2] [INFO] [1761756409.609819149] [controller_manager]: Configuring controller: 'mecanum_velocity_controller'
[ros2_control_node-2] [INFO] [1761756409.615240313] [mecanum_velocity_controller]: configure successful
[ros2_control_node-2] [INFO] [1761756409.627724917] [controller_manager]: Activating controllers: [ mecanum_velocity_controller ]
[ros2_control_node-2] [INFO] [1761756409.640265701] [mecanum_velocity_controller]: activate successful
[ros2_control_node-2] [INFO] [1761756409.640703071] [controller_manager]: Successfully switched controllers!
[spawner-11] [INFO] [1761756409.661935695] [spawner_mecanum_velocity_controller]: [92mConfigured and activated [1mmecanum_velocity_controller[0m
[INFO] [spawner-11]: process has finished cleanly [pid 176869]
[ros2_control_node-2] [INFO] [1761756410.304216344] [controller_manager.hardware_component.system.MecanumSystem]: write() cmd: FL=0.060 FR=0.034 RL=0.060 RR=0.034 PAN=0.000 TILT=0.000
[ros2_control_node-2] [INFO] [1761756410.320798707] [controller_manager.hardware_component.system.MecanumSystem]: write() cmd: FL=-0.044 FR=-0.104 RL=-0.044 RR=-0.104 PAN=0.000 TILT=0.000
[ros2_control_node-2] [INFO] [1761756410.343489766] [controller_manager.hardware_component.system.MecanumSystem]: write() cmd: FL=-0.140 FR=-0.220 RL=-0.140 RR=-0.220 PAN=0.000 TILT=0.000
[ros2_control_node-2] [INFO] [1761756410.362504224] [controller_manager.hardware_component.system.MecanumSystem]: write() cmd: FL=-0.418 FR=-0.569 RL=-0.418 RR=-0.569 PAN=0.000 TILT=0.000
[ros2_control_node-2] [INFO] [1761756410.384340332] [controller_manager.hardware_component.system.MecanumSystem]: write() cmd: FL=-2.343 FR=-2.728 RL=-2.343 RR=-2.728 PAN=0.000 TILT=0.000
[ros2_control_node-2] [INFO] [1761756410.401902867] [controller_manager.hardware_component.system.MecanumSystem]: write() cmd: FL=-4.140 FR=-4.643 RL=-4.140 RR=-4.643 PAN=0.000 TILT=0.000
[ros2_control_node-2] [INFO] [1761756410.422495243] [controller_manager.hardware_component.system.MecanumSystem]: write() cmd: FL=-5.607 FR=-6.274 RL=-5.607 RR=-6.274 PAN=0.000 TILT=0.000
[ros2_control_node-2] [INFO] [1761756410.445321210] [controller_manager.hardware_component.system.MecanumSystem]: write() cmd: FL=-7.602 FR=-8.475 RL=-7.602 RR=-8.475 PAN=0.000 TILT=0.000
[ros2_control_node-2] [INFO] [1761756410.482464987] [controller_manager.hardware_component.system.MecanumSystem]: write() cmd: FL=-11.693 FR=-13.141 RL=-11.693 RR=-13.141 PAN=0.000 TILT=0.000
[ros2_control_node-2] [INFO] [1761756410.503034977] [controller_manager.hardware_component.system.MecanumSystem]: write() cmd: FL=-13.252 FR=-14.924 RL=-13.252 RR=-14.924 PAN=0.000 TILT=0.000
[ros2_control_node-2] [INFO] [1761756410.703412026] [controller_manager.hardware_component.system.MecanumSystem]: write() cmd: FL=-12.846 FR=-14.494 RL=-12.846 RR=-14.494 PAN=0.000 TILT=0.000
[ros2_control_node-2] [INFO] [1761756410.745922000] [controller_manager.hardware_component.system.MecanumSystem]: write() cmd: FL=-10.209 FR=-11.567 RL=-10.209 RR=-11.567 PAN=0.000 TILT=0.000
[ros2_control_node-2] [INFO] [1761756410.762714350] [controller_manager.hardware_component.system.MecanumSystem]: write() cmd: FL=-8.498 FR=-9.743 RL=-8.498 RR=-9.743 PAN=0.000 TILT=0.000
[ros2_control_node-2] [INFO] [1761756410.801651778] [controller_manager.hardware_component.system.MecanumSystem]: write() cmd: FL=1.865 FR=1.912 RL=1.865 RR=1.912 PAN=0.000 TILT=0.000
[ros2_control_node-2] [INFO] [1761756410.822450774] [controller_manager.hardware_component.system.MecanumSystem]: write() cmd: FL=4.414 FR=4.486 RL=4.414 RR=4.486 PAN=0.000 TILT=0.000
[ros2_control_node-2] [INFO] [1761756410.842502726] [controller_manager.hardware_component.system.MecanumSystem]: write() cmd: FL=5.416 FR=5.495 RL=5.416 RR=5.495 PAN=0.000 TILT=0.000
[ros2_control_node-2] [INFO] [1761756410.860981368] [controller_manager.hardware_component.system.MecanumSystem]: write() cmd: FL=6.520 FR=6.607 RL=6.520 RR=6.607 PAN=0.000 TILT=0.000
[ros2_control_node-2] [INFO] [1761756410.881181385] [controller_manager.hardware_component.system.MecanumSystem]: write() cmd: FL=6.812 FR=6.901 RL=6.812 RR=6.901 PAN=0.000 TILT=0.000
[ros2_control_node-2] [INFO] [1761756410.903466930] [controller_manager.hardware_component.system.MecanumSystem]: write() cmd: FL=7.110 FR=7.201 RL=7.110 RR=7.201 PAN=0.000 TILT=0.000
[ros2_control_node-2] [INFO] [1761756410.922441737] [controller_manager.hardware_component.system.MecanumSystem]: write() cmd: FL=0.000 FR=0.000 RL=0.000 RR=0.000 PAN=0.000 TILT=0.000
[ros2_control_node-2] [INFO] [1761756411.626548612] [controller_manager.hardware_component.system.MecanumSystem]: write() cmd: FL=0.220 FR=0.220 RL=0.220 RR=0.220 PAN=0.000 TILT=0.000
[ros2_control_node-2] [INFO] [1761756411.646128215] [controller_manager.hardware_component.system.MecanumSystem]: write() cmd: FL=0.565 FR=0.565 RL=0.565 RR=0.565 PAN=0.000 TILT=0.000
[ros2_control_node-2] [INFO] [1761756411.662450658] [controller_manager.hardware_component.system.MecanumSystem]: write() cmd: FL=1.589 FR=1.589 RL=1.589 RR=1.589 PAN=0.000 TILT=0.000
[ros2_control_node-2] [INFO] [1761756411.681475454] [controller_manager.hardware_component.system.MecanumSystem]: write() cmd: FL=4.690 FR=4.690 RL=4.690 RR=4.690 PAN=0.000 TILT=0.000
[ros2_control_node-2] [INFO] [1761756411.721479387] [controller_manager.hardware_component.system.MecanumSystem]: write() cmd: FL=7.727 FR=7.821 RL=7.727 RR=7.821 PAN=0.000 TILT=0.000
[ros2_control_node-2] [INFO] [1761756411.744064027] [controller_manager.hardware_component.system.MecanumSystem]: write() cmd: FL=10.035 FR=10.252 RL=10.035 RR=10.252 PAN=0.000 TILT=0.000
[ros2_control_node-2] [INFO] [1761756411.762543604] [controller_manager.hardware_component.system.MecanumSystem]: write() cmd: FL=11.856 FR=12.209 RL=11.856 RR=12.209 PAN=0.000 TILT=0.000
[ros2_control_node-2] [INFO] [1761756411.781482356] [controller_manager.hardware_component.system.MecanumSystem]: write() cmd: FL=13.002 FR=13.496 RL=13.002 RR=13.496 PAN=0.000 TILT=0.000
[ros2_control_node-2] [INFO] [1761756411.802447606] [controller_manager.hardware_component.system.MecanumSystem]: write() cmd: FL=14.253 FR=14.771 RL=14.253 RR=14.771 PAN=0.000 TILT=0.000
[ros2_control_node-2] [INFO] [1761756411.922492609] [controller_manager.hardware_component.system.MecanumSystem]: write() cmd: FL=13.830 FR=14.340 RL=13.830 RR=14.340 PAN=0.000 TILT=0.000
[ros2_control_node-2] [INFO] [1761756411.944709093] [controller_manager.hardware_component.system.MecanumSystem]: write() cmd: FL=12.597 FR=13.084 RL=12.597 RR=13.084 PAN=0.000 TILT=0.000
[ros2_control_node-2] [INFO] [1761756411.961378545] [controller_manager.hardware_component.system.MecanumSystem]: write() cmd: FL=0.000 FR=0.000 RL=0.000 RR=0.000 PAN=0.000 TILT=0.000
[ros2_control_node-2] [INFO] [1761756414.860421076] [controller_manager.hardware_component.system.MecanumSystem]: Pico log: LOG,UART|Tx:15430 Scartati:0 Err:0 Coda↑:0 ↓:0
[ros2_control_node-2] [WARN] [1761756417.321714236] [controller_manager]: Overrun detected! The controller manager missed its desired rate of 50 Hz. The loop took 22.097211 ms (missed cycles : 2).
[ros2_control_node-2] [WARN] [1761756424.181911354] [controller_manager]: Overrun detected! The controller manager missed its desired rate of 50 Hz. The loop took 22.296128 ms (missed cycles : 2).
[ros2_control_node-2] [INFO] [1761756424.899879077] [controller_manager.hardware_component.system.MecanumSystem]: Pico log: LOG,UART|Tx:15441 Scartati:0 Err:0 Coda↑:0 ↓:0
[ros2_control_node-2] [INFO] [1761756434.919860356] [controller_manager.hardware_component.system.MecanumSystem]: Pico log: LOG,UART|Tx:15452 Scartati:0 Err:0 Coda↑:0 ↓:0
[ros2_control_node-2] [INFO] [1761756444.919961251] [controller_manager.hardware_component.system.MecanumSystem]: Pico log: LOG,UART|Tx:15463 Scartati:0 Err:0 Coda↑:0 ↓:0
[ros2_control_node-2] [WARN] [1761756454.940203087] [controller_manager.hardware_component.system.MecanumSystem]: Pacchetto con prefisso sconosciuto: 000,0.0000,0.0000,0.0000,0.0000,0.0000
[ros2_control_node-2] [INFO] [1761756455.039843348] [controller_manager.hardware_component.system.MecanumSystem]: Pico log: LOG,UART|Tx:15473 Scartati:0 Err:0 Coda↑:0 ↓:0
[ros2_control_node-2] [WARN] [1761756461.571660071] [controller_manager]: Overrun detected! The controller manager missed its desired rate of 50 Hz. The loop took 32.035104 ms (missed cycles : 2).
[ros2_control_node-2] [INFO] [1761756464.940562905] [controller_manager.hardware_component.system.MecanumSystem]: Pico log: LOG,UART|Tx:15484 Scartati:0 Err:0 Coda↑:0 ↓:0
[ros2_control_node-2] [WARN] [1761756465.159836094] [controller_manager.hardware_component.system.MecanumSystem]: Pacchetto con prefisso sconosciuto: 000,0.0000,0.0000,0.0000,0.0000,0.0000,0.0000
[ros2_control_node-2] [WARN] [1761756468.326627298] [controller_manager]: Overrun detected! The controller manager missed its desired rate of 50 Hz. The loop took 87.012946 ms (missed cycles : 5).
[ros2_control_node-2] [INFO] [1761756474.960420391] [controller_manager.hardware_component.system.MecanumSystem]: Pico log: LOG,UART|Tx:15495 Scartati:0 Err:0 Coda↑:0 ↓:0
[INFO] [launch]: All log files can be found below /home/ws/.ros/log/2025-10-30-10-25-14-863768-dave-computer-8824
[INFO] [launch]: Default logging verbosity is set to INFO
[INFO] [robot_state_publisher-1]: process started with pid [8837]
[INFO] [ros2_control_node-2]: process started with pid [8838]
[INFO] [mecanum_cmd_node-3]: process started with pid [8839]
[INFO] [mecanum_odom_node-4]: process started with pid [8840]
[INFO] [ekf_node-5]: process started with pid [8841]
[INFO] [rosbridge_websocket-6]: process started with pid [8842]
[INFO] [node-7]: process started with pid [8844]
[INFO] [throttle-8]: process started with pid [8846]
[INFO] [v4l2_camera_node-9]: process started with pid [8849]
[mecanum_cmd_node-3] [INFO] [1761819915.529122527] [mecanum_cmd_node]: mecanum_cmd_node: pubblicazione comandi su /mecanum_velocity_controller/commands
[mecanum_odom_node-4] [INFO] [1761819915.580639662] [mecanum_odom_node]: mecanum_odom_node avviato
[ros2_control_node-2] [INFO] [1761819915.587845546] [controller_manager]: Using Steady (Monotonic) clock for triggering controller manager cycles.
[robot_state_publisher-1] [INFO] [1761819915.597434768] [robot_state_publisher]: Robot initialized
[ros2_control_node-2] [INFO] [1761819915.620082259] [controller_manager]: Subscribing to '/robot_description' topic for robot description.
[ros2_control_node-2] [INFO] [1761819915.647791400] [controller_manager]: update rate is 50 Hz
[ros2_control_node-2] [INFO] [1761819915.647871185] [controller_manager]: Spawning controller_manager RT thread with scheduler priority: 50
[ros2_control_node-2] [WARN] [1761819915.648017612] [controller_manager]: Could not enable FIFO RT scheduling policy: with error number <1>(Operation not permitted). See [https://control.ros.org/master/doc/ros2_control/controller_manager/doc/userdoc.html] for details on how to enable realtime scheduling.
[ros2_control_node-2] [INFO] [1761819915.682398842] [controller_manager]: Received robot description from topic.
[ros2_control_node-2] [INFO] [1761819915.688300969] [controller_manager]: Loading hardware 'MecanumSystem' 
[ros2_control_node-2] [INFO] [1761819915.698348992] [controller_manager]: Loaded hardware 'MecanumSystem' from plugin 'mecanum_hardware/MecanumSystem'
[ros2_control_node-2] [INFO] [1761819915.698495461] [controller_manager]: Initialize hardware 'MecanumSystem' 
[ros2_control_node-2] [INFO] [1761819915.739230346] [controller_manager.hardware_component.system.MecanumSystem]: Init OK (mock=false, serial=/dev/ttyUSB0, baud=1000000)
[ros2_control_node-2] [INFO] [1761819915.739332755] [controller_manager]: Successful initialization of hardware 'MecanumSystem'
[ros2_control_node-2] [INFO] [1761819915.739835089] [BatteryDebug]: Exporting interface: percentage @ 0x63cb76a8c9a8
[ros2_control_node-2] [INFO] [1761819915.740485730] [resource_manager]: 'configure' hardware 'MecanumSystem' 
[ros2_control_node-2] [INFO] [1761819915.740520437] [resource_manager]: Successful 'configure' of hardware 'MecanumSystem'
[ros2_control_node-2] [INFO] [1761819915.740537614] [resource_manager]: 'activate' hardware 'MecanumSystem' 
[ros2_control_node-2] [INFO] [1761819915.741170983] [controller_manager.hardware_component.system.MecanumSystem]: Porta seriale /dev/ttyUSB0 aperta a 1000000 baud
[ros2_control_node-2] [INFO] [1761819915.741264823] [resource_manager]: Successful 'activate' of hardware 'MecanumSystem'
[ros2_control_node-2] [INFO] [1761819915.741367949] [controller_manager]: Resource Manager has been successfully initialized. Starting Controller Manager services...
[ros2_control_node-2] [INFO] [1761819915.750340115] [controller_manager.hardware_component.system.MecanumSystem]: write() cmd: FL=0.000 FR=0.000 RL=0.000 RR=0.000 PAN=0.000 TILT=0.000
[ros2_control_node-2] [WARN] [1761819915.768829506] [controller_manager.hardware_component.system.MecanumSystem]: Pacchetto con prefisso sconosciuto: �
[v4l2_camera_node-9] [INFO] [1761819916.112902929] [v4l2_camera]: Driver: uvcvideo
[v4l2_camera_node-9] [INFO] [1761819916.125493274] [v4l2_camera]: Version: 396811
[v4l2_camera_node-9] [INFO] [1761819916.125556797] [v4l2_camera]: Device: Integrated Camera: Integrated C
[v4l2_camera_node-9] [INFO] [1761819916.125575733] [v4l2_camera]: Location: usb-0000:00:14.0-10
[v4l2_camera_node-9] [INFO] [1761819916.125588841] [v4l2_camera]: Capabilities:
[v4l2_camera_node-9] [INFO] [1761819916.125603092] [v4l2_camera]:   Read/write: NO
[v4l2_camera_node-9] [INFO] [1761819916.125615617] [v4l2_camera]:   Streaming: YES
[v4l2_camera_node-9] [INFO] [1761819916.125639950] [v4l2_camera]: Current pixel format: YUYV @ 640x480
[v4l2_camera_node-9] [INFO] [1761819916.125841408] [v4l2_camera]: Available pixel formats: 
[v4l2_camera_node-9] [INFO] [1761819916.125876317] [v4l2_camera]:   YUYV - YUYV 4:2:2
[v4l2_camera_node-9] [INFO] [1761819916.125891610] [v4l2_camera]:   MJPG - Motion-JPEG
[v4l2_camera_node-9] [INFO] [1761819916.125904109] [v4l2_camera]: Available controls: 
[v4l2_camera_node-9] [INFO] [1761819916.125925610] [v4l2_camera]:   Brightness (1) = 128
[v4l2_camera_node-9] [INFO] [1761819916.125944473] [v4l2_camera]:   Contrast (1) = 32
[v4l2_camera_node-9] [INFO] [1761819916.125963184] [v4l2_camera]:   Saturation (1) = 64
[v4l2_camera_node-9] [INFO] [1761819916.125981188] [v4l2_camera]:   Hue (1) = 0
[v4l2_camera_node-9] [INFO] [1761819916.125999982] [v4l2_camera]:   White Balance, Automatic (2) = 1
[v4l2_camera_node-9] [INFO] [1761819916.126018359] [v4l2_camera]:   Gamma (1) = 120
[v4l2_camera_node-9] [INFO] [1761819916.126037215] [v4l2_camera]:   Power Line Frequency (3) = 1
[v4l2_camera_node-9] [INFO] [1761819916.126968568] [v4l2_camera]:   White Balance Temperature (1) = 4000 [inactive]
[v4l2_camera_node-9] [INFO] [1761819916.128162187] [v4l2_camera]:   Sharpness (1) = 2
[v4l2_camera_node-9] [INFO] [1761819916.128223946] [v4l2_camera]:   Backlight Compensation (1) = 1
[v4l2_camera_node-9] [ERROR] [1761819916.128262066] [v4l2_camera]: Failed getting value for control 10092545: Permission denied (13); returning 0!
[v4l2_camera_node-9] [INFO] [1761819916.128320884] [v4l2_camera]:   Camera Controls (6) = 0
[v4l2_camera_node-9] [INFO] [1761819916.128348555] [v4l2_camera]:   Auto Exposure (3) = 3
[v4l2_camera_node-9] [INFO] [1761819916.130247968] [v4l2_camera]:   Exposure Time, Absolute (1) = 156 [inactive]
[v4l2_camera_node-9] [INFO] [1761819916.130357996] [v4l2_camera]:   Exposure, Dynamic Framerate (2) = 1
[v4l2_camera_node-9] [WARN] [1761819916.135906290] [v4l2_camera]: Control type not currently supported: 6, for control: Camera Controls
[v4l2_camera_node-9] [INFO] [1761819916.137115792] [v4l2_camera]: Succesfully set value for control Exposure, Dynamic Framerate to 0
[v4l2_camera_node-9] [INFO] [1761819916.137332843] [v4l2_camera]: Starting camera
[node-7] Serving static files from: /home/ws/src/mecanum_base/web
[v4l2_camera_node-9] [WARN] [1761819916.406535947] [v4l2_camera]: Image encoding not the same as requested output, performing possibly slow conversion: yuv422_yuy2 => rgb8
[ros2_control_node-2] [WARN] [1761819916.430966438] [controller_manager]: Overrun detected! The controller manager missed its desired rate of 50 Hz. The loop took 22.293627 ms (missed cycles : 2).
[node-7] Web server attivo su http://localhost:8000
[v4l2_camera_node-9] [INFO] [1761819916.478802881] [v4l2_camera]: using default calibration URL
[v4l2_camera_node-9] [INFO] [1761819916.479081433] [v4l2_camera]: camera calibration URL: file:///home/ws/.ros/camera_info/integrated_camera:_integrated_c.yaml
[v4l2_camera_node-9] [ERROR] [1761819916.479729528] [camera_calibration_parsers]: Unable to open camera calibration file [/home/ws/.ros/camera_info/integrated_camera:_integrated_c.yaml]
[v4l2_camera_node-9] [WARN] [1761819916.479820294] [v4l2_camera]: Camera calibration file /home/ws/.ros/camera_info/integrated_camera:_integrated_c.yaml not found
[rosbridge_websocket-6] [INFO] [1761819918.041886558] [rosbridge_websocket]: Rosbridge WebSocket server started on port 9091
[INFO] [spawner-10]: process started with pid [9042]
[INFO] [spawner-11]: process started with pid [9044]
[INFO] [spawner-12]: process started with pid [9045]
[INFO] [spawner-13]: process started with pid [9046]
[INFO] [spawner-14]: process started with pid [9047]
[INFO] [spawner-15]: process started with pid [9048]
[INFO] [spawner-16]: process started with pid [9049]
[INFO] [spawner-17]: process started with pid [9050]
[ros2_control_node-2] [WARN] [1761819920.488829668] [controller_manager]: Overrun detected! The controller manager missed its desired rate of 50 Hz. The loop took 40.156838 ms (missed cycles : 3).
[spawner-17] [INFO] [1761819921.731751265] [spawner_battery_state_broadcaster]: waiting for service /controller_manager/list_controllers to become available...
[ros2_control_node-2] [INFO] [1761819922.988012686] [controller_manager]: Loading controller : 'battery_state_broadcaster' of type 'battery_state_broadcaster/BatteryStateBroadcaster'
[ros2_control_node-2] [INFO] [1761819922.988092531] [controller_manager]: Loading controller 'battery_state_broadcaster'
[ros2_control_node-2] [INFO] [1761819923.002388078] [controller_manager]: Controller 'battery_state_broadcaster' node arguments: --ros-args --params-file /tmp/launch_params_cvlai2im --params-file /home/ws/install/mecanum_base/share/mecanum_base/config/controllers.yaml 
[spawner-17] [INFO] [1761819923.099563856] [spawner_battery_state_broadcaster]: [94mLoaded [1mbattery_state_broadcaster[0m
[ros2_control_node-2] [INFO] [1761819923.107720892] [controller_manager]: Configuring controller: 'battery_state_broadcaster'
[ros2_control_node-2] [INFO] [1761819923.145515985] [controller_manager]: Activating controllers: [ battery_state_broadcaster ]
[ros2_control_node-2] [INFO] [1761819923.149063963] [controller_manager]: Successfully switched controllers!
[spawner-17] [INFO] [1761819923.172456734] [spawner_battery_state_broadcaster]: [92mConfigured and activated [1mbattery_state_broadcaster[0m
[spawner-11] [INFO] [1761819923.355526811] [spawner_mecanum_velocity_controller]: waiting for service /controller_manager/list_controllers to become available...
[INFO] [spawner-17]: process has finished cleanly [pid 9050]
[ros2_control_node-2] [INFO] [1761819925.615095292] [controller_manager]: Loading controller : 'mecanum_velocity_controller' of type 'velocity_controllers/JointGroupVelocityController'
[ros2_control_node-2] [INFO] [1761819925.615221142] [controller_manager]: Loading controller 'mecanum_velocity_controller'
[ros2_control_node-2] [INFO] [1761819925.624799717] [controller_manager]: Controller 'mecanum_velocity_controller' node arguments: --ros-args --params-file /tmp/launch_params_cvlai2im --params-file /home/ws/install/mecanum_base/share/mecanum_base/config/controllers.yaml 
[spawner-11] [INFO] [1761819925.693149274] [spawner_mecanum_velocity_controller]: [94mLoaded [1mmecanum_velocity_controller[0m
[ros2_control_node-2] [INFO] [1761819925.697446510] [controller_manager]: Configuring controller: 'mecanum_velocity_controller'
[ros2_control_node-2] [INFO] [1761819925.701815454] [mecanum_velocity_controller]: configure successful
[ros2_control_node-2] [INFO] [1761819925.713263213] [controller_manager]: Activating controllers: [ mecanum_velocity_controller ]
[ros2_control_node-2] [INFO] [1761819925.728943907] [mecanum_velocity_controller]: activate successful
[ros2_control_node-2] [INFO] [1761819925.729173585] [controller_manager]: Successfully switched controllers!
[spawner-11] [INFO] [1761819925.755044770] [spawner_mecanum_velocity_controller]: [92mConfigured and activated [1mmecanum_velocity_controller[0m
[spawner-10] [INFO] [1761819925.965256830] [spawner_joint_state_broadcaster]: waiting for service /controller_manager/list_controllers to become available...
[INFO] [spawner-11]: process has finished cleanly [pid 9044]
[ros2_control_node-2] [INFO] [1761819928.567260502] [controller_manager]: Loading controller : 'joint_state_broadcaster' of type 'joint_state_broadcaster/JointStateBroadcaster'
[ros2_control_node-2] [INFO] [1761819928.567310042] [controller_manager]: Loading controller 'joint_state_broadcaster'
[ros2_control_node-2] [INFO] [1761819928.579882997] [controller_manager]: Controller 'joint_state_broadcaster' node arguments: --ros-args --params-file /tmp/launch_params_cvlai2im --params-file /home/ws/install/mecanum_base/share/mecanum_base/config/controllers.yaml 
[spawner-10] [INFO] [1761819928.616824083] [spawner_joint_state_broadcaster]: [94mLoaded [1mjoint_state_broadcaster[0m
[ros2_control_node-2] [INFO] [1761819928.621955790] [controller_manager]: Configuring controller: 'joint_state_broadcaster'
[ros2_control_node-2] [INFO] [1761819928.622074618] [joint_state_broadcaster]: 'joints' or 'interfaces' parameter is empty. All available state interfaces will be published
[ros2_control_node-2] [INFO] [1761819928.656373823] [controller_manager]: Activating controllers: [ joint_state_broadcaster ]
[ros2_control_node-2] [INFO] [1761819928.670357840] [controller_manager]: Successfully switched controllers!
[spawner-10] [INFO] [1761819928.696667127] [spawner_joint_state_broadcaster]: [92mConfigured and activated [1mjoint_state_broadcaster[0m
[INFO] [spawner-10]: process has finished cleanly [pid 9042]
[spawner-16] [INFO] [1761819928.992732084] [spawner_servo_position_controller]: waiting for service /controller_manager/list_controllers to become available...
[ros2_control_node-2] [INFO] [1761819929.998693573] [controller_manager]: Loading controller : 'servo_position_controller' of type 'position_controllers/JointGroupPositionController'
[ros2_control_node-2] [INFO] [1761819929.998774901] [controller_manager]: Loading controller 'servo_position_controller'
[ros2_control_node-2] [INFO] [1761819930.002880451] [controller_manager]: Controller 'servo_position_controller' node arguments: --ros-args --params-file /tmp/launch_params_cvlai2im --params-file /home/ws/install/mecanum_base/share/mecanum_base/config/controllers.yaml 
[spawner-16] [INFO] [1761819930.051808813] [spawner_servo_position_controller]: [94mLoaded [1mservo_position_controller[0m
[ros2_control_node-2] [INFO] [1761819930.055217248] [controller_manager]: Configuring controller: 'servo_position_controller'
[ros2_control_node-2] [INFO] [1761819930.056870942] [servo_position_controller]: configure successful
[ros2_control_node-2] [INFO] [1761819930.152590798] [controller_manager]: Activating controllers: [ servo_position_controller ]
[ros2_control_node-2] [INFO] [1761819930.168903565] [servo_position_controller]: activate successful
[ros2_control_node-2] [INFO] [1761819930.169016625] [controller_manager]: Successfully switched controllers!
[spawner-16] [INFO] [1761819930.191860091] [spawner_servo_position_controller]: [92mConfigured and activated [1mservo_position_controller[0m
[INFO] [spawner-16]: process has finished cleanly [pid 9049]
[spawner-13] [INFO] [1761819930.482324883] [spawner_ir_front_left_broadcaster]: waiting for service /controller_manager/list_controllers to become available...
[ros2_control_node-2] [INFO] [1761819931.237625672] [controller_manager]: Loading controller : 'ir_front_left_broadcaster' of type 'range_sensor_broadcaster/RangeSensorBroadcaster'
[ros2_control_node-2] [INFO] [1761819931.237690973] [controller_manager]: Loading controller 'ir_front_left_broadcaster'
[ros2_control_node-2] [INFO] [1761819931.242797965] [controller_manager]: Controller 'ir_front_left_broadcaster' node arguments: --ros-args --params-file /tmp/launch_params_cvlai2im --params-file /home/ws/install/mecanum_base/share/mecanum_base/config/controllers.yaml 
[spawner-13] [INFO] [1761819931.291683087] [spawner_ir_front_left_broadcaster]: [94mLoaded [1mir_front_left_broadcaster[0m
[ros2_control_node-2] [INFO] [1761819931.295416003] [controller_manager]: Configuring controller: 'ir_front_left_broadcaster'
[ros2_control_node-2] [INFO] [1761819931.312491449] [controller_manager]: Activating controllers: [ ir_front_left_broadcaster ]
[ros2_control_node-2] [INFO] [1761819931.328920134] [controller_manager]: Successfully switched controllers!
[spawner-13] [INFO] [1761819931.352555076] [spawner_ir_front_left_broadcaster]: [92mConfigured and activated [1mir_front_left_broadcaster[0m
[INFO] [spawner-13]: process has finished cleanly [pid 9046]
[spawner-15] [INFO] [1761819931.920340563] [spawner_ir_front_right_broadcaster]: waiting for service /controller_manager/list_controllers to become available...
[ros2_control_node-2] [INFO] [1761819932.933550581] [controller_manager]: Loading controller : 'ir_front_right_broadcaster' of type 'range_sensor_broadcaster/RangeSensorBroadcaster'
[ros2_control_node-2] [INFO] [1761819932.933638135] [controller_manager]: Loading controller 'ir_front_right_broadcaster'
[ros2_control_node-2] [INFO] [1761819932.941141654] [controller_manager]: Controller 'ir_front_right_broadcaster' node arguments: --ros-args --params-file /tmp/launch_params_cvlai2im --params-file /home/ws/install/mecanum_base/share/mecanum_base/config/controllers.yaml 
[spawner-15] [INFO] [1761819933.076412743] [spawner_ir_front_right_broadcaster]: [94mLoaded [1mir_front_right_broadcaster[0m
[ros2_control_node-2] [INFO] [1761819933.095751134] [controller_manager]: Configuring controller: 'ir_front_right_broadcaster'
[ros2_control_node-2] [INFO] [1761819933.126075894] [controller_manager]: Activating controllers: [ ir_front_right_broadcaster ]
[ros2_control_node-2] [INFO] [1761819933.131681700] [controller_manager]: Successfully switched controllers!
[spawner-15] [INFO] [1761819933.161545952] [spawner_ir_front_right_broadcaster]: [92mConfigured and activated [1mir_front_right_broadcaster[0m
[ros2_control_node-2] [WARN] [1761819933.384830877] [controller_manager]: Overrun detected! The controller manager missed its desired rate of 50 Hz. The loop took 36.156840 ms (missed cycles : 2).
[INFO] [spawner-15]: process has finished cleanly [pid 9048]
[spawner-14] [INFO] [1761819934.082854528] [spawner_ir_front_center_broadcaster]: waiting for service /controller_manager/list_controllers to become available...
[ros2_control_node-2] [INFO] [1761819934.338885036] [controller_manager]: Loading controller : 'ir_front_center_broadcaster' of type 'range_sensor_broadcaster/RangeSensorBroadcaster'
[ros2_control_node-2] [INFO] [1761819934.338952742] [controller_manager]: Loading controller 'ir_front_center_broadcaster'
[ros2_control_node-2] [INFO] [1761819934.340520479] [controller_manager]: Controller 'ir_front_center_broadcaster' node arguments: --ros-args --params-file /tmp/launch_params_cvlai2im --params-file /home/ws/install/mecanum_base/share/mecanum_base/config/controllers.yaml 
[spawner-14] [INFO] [1761819934.413086327] [spawner_ir_front_center_broadcaster]: [94mLoaded [1mir_front_center_broadcaster[0m
[ros2_control_node-2] [INFO] [1761819934.421319439] [controller_manager]: Configuring controller: 'ir_front_center_broadcaster'
[ros2_control_node-2] [INFO] [1761819934.465656570] [controller_manager]: Activating controllers: [ ir_front_center_broadcaster ]
[ros2_control_node-2] [INFO] [1761819934.469491303] [controller_manager]: Successfully switched controllers!
[spawner-14] [INFO] [1761819934.494662301] [spawner_ir_front_center_broadcaster]: [92mConfigured and activated [1mir_front_center_broadcaster[0m
[ros2_control_node-2] [WARN] [1761819935.135575469] [controller_manager]: Overrun detected! The controller manager missed its desired rate of 50 Hz. The loop took 106.903658 ms (missed cycles : 6).
[INFO] [spawner-14]: process has finished cleanly [pid 9047]
[spawner-12] [INFO] [1761819935.544448928] [spawner_imu_broadcaster]: waiting for service /controller_manager/list_controllers to become available...
[ros2_control_node-2] [INFO] [1761819937.302253021] [controller_manager]: Loading controller : 'imu_broadcaster' of type 'imu_sensor_broadcaster/IMUSensorBroadcaster'
[ros2_control_node-2] [INFO] [1761819937.302398931] [controller_manager]: Loading controller 'imu_broadcaster'
